bootstrap/0_alpha/alpha_arm64_macos:
(__TEXT,__text) section
_main:
0000000100000490	stp	x29, x30, [sp, #-0x10]!
0000000100000494	stp	x19, x20, [sp, #-0x10]!
0000000100000498	stp	x21, x22, [sp, #-0x10]!
000000010000049c	stp	x23, x24, [sp, #-0x10]!
00000001000004a0	adrp	x19, 4104 ; 0x101008000
00000001000004a4	add	x19, x19, #0x0
00000001000004a8	mov	x0, #0x0
00000001000004ac	mov	x1, #0x200000000000
00000001000004b0	mov	x2, #0x3
00000001000004b4	mov	x3, #0x1002
00000001000004b8	mov	x4, #-0x1
00000001000004bc	mov	x5, #0x0
00000001000004c0	mov	x16, #0xc5
00000001000004c4	svc	#0x80
00000001000004c8	b.hs	0x100000604
00000001000004cc	mov	x20, x0
00000001000004d0	mov	x23, #0x200000000000
00000001000004d4	adrp	x9, 8 ; 0x100008000
00000001000004d8	add	x9, x9, #0x0
00000001000004dc	ldr	w10, [x9]
00000001000004e0	mov	w11, #0x1000000
00000001000004e4	sub	w11, w11, #0x4
00000001000004e8	cmp	w10, w11
00000001000004ec	b.hi	0x100000604
00000001000004f0	add	x9, x9, #0x4
00000001000004f4	mov	x11, #0x0
00000001000004f8	cbz	w10, 0x100000510
00000001000004fc	ldrb	w12, [x9], #0x1
0000000100000500	strb	w12, [x20, x11]
0000000100000504	add	x11, x11, #0x1
0000000100000508	sub	w10, w10, #0x1
000000010000050c	b	0x1000004f8
0000000100000510	mov	x21, x20
0000000100000514	mov	x22, #0x10000000
0000000100000518	b	next
h_imm:
000000010000051c	ldrb	w9, [x21]
0000000100000520	ldur	x10, [x21, #0x1]
0000000100000524	add	x21, x21, #0x9
0000000100000528	str	x10, [x19, w9, uxtw #3]
next:
000000010000052c	sub	x10, x21, x20
0000000100000530	cmp	x10, x23
0000000100000534	b.hs	0x100000604
0000000100000538	ldrb	w9, [x21]
000000010000053c	cmp	w9, #0x14
0000000100000540	b.hi	0x100000604
0000000100000544	sub	x10, x23, x10
0000000100000548	adr	x11, 0x100000608
000000010000054c	ldrb	w11, [x11, w9, uxtw]
0000000100000550	cmp	x10, x11
0000000100000554	b.lo	0x100000604
0000000100000558	add	x21, x21, #0x1
000000010000055c	cmp	w9, #0x1
0000000100000560	b.eq	h_imm
0000000100000564	cmp	w9, #0x4
0000000100000568	b.eq	h_sub
000000010000056c	cmp	w9, #0xa
0000000100000570	b.eq	h_load
0000000100000574	cmp	w9, #0x2
0000000100000578	b.eq	h_mov
000000010000057c	cmp	w9, #0xb
0000000100000580	b.eq	h_store
0000000100000584	cmp	w9, #0x3
0000000100000588	b.eq	h_add
000000010000058c	cmp	w9, #0xc
0000000100000590	b.eq	h_jmp
0000000100000594	cmp	w9, #0xd
0000000100000598	b.eq	h_jz
000000010000059c	cmp	w9, #0x10
00000001000005a0	b.eq	h_jeq
00000001000005a4	cmp	w9, #0x13
00000001000005a8	b.eq	h_call
00000001000005ac	cmp	w9, #0x14
00000001000005b0	b.eq	h_ret
00000001000005b4	cmp	w9, #0xf
00000001000005b8	b.eq	h_jlt
00000001000005bc	cmp	w9, #0x5
00000001000005c0	b.eq	h_mul
00000001000005c4	cmp	w9, #0x8
00000001000005c8	b.eq	h_loadb
00000001000005cc	cmp	w9, #0x6
00000001000005d0	b.eq	h_div
00000001000005d4	cmp	w9, #0x9
00000001000005d8	b.eq	h_storeb
00000001000005dc	cmp	w9, #0x7
00000001000005e0	b.eq	h_mod
00000001000005e4	cmp	w9, #0x11
00000001000005e8	b.eq	h_read
00000001000005ec	cmp	w9, #0x0
00000001000005f0	b.eq	h_halt
00000001000005f4	cmp	w9, #0xe
00000001000005f8	b.eq	h_jnz
00000001000005fc	cmp	w9, #0x12
0000000100000600	b.eq	h_write
0000000100000604	udf	#0x0
0000000100000608	.long	0x03030a02
000000010000060c	.long	0x03030303
0000000100000610	.long	0x03030303
0000000100000614	add	w9, w16, w10, lsl #2
0000000100000618	.long	0x0902020b
000000010000061c	udf	#0x1
h_mov:
0000000100000620	ldrb	w9, [x21]
0000000100000624	ldrb	w10, [x21, #0x1]
0000000100000628	add	x21, x21, #0x2
000000010000062c	ldr	x11, [x19, w10, uxtw #3]
0000000100000630	str	x11, [x19, w9, uxtw #3]
0000000100000634	b	next
h_add:
0000000100000638	ldrb	w9, [x21]
000000010000063c	ldrb	w10, [x21, #0x1]
0000000100000640	add	x21, x21, #0x2
0000000100000644	ldr	x11, [x19, w9, uxtw #3]
0000000100000648	ldr	x12, [x19, w10, uxtw #3]
000000010000064c	add	x11, x11, x12
0000000100000650	str	x11, [x19, w9, uxtw #3]
0000000100000654	b	next
h_sub:
0000000100000658	ldrb	w9, [x21]
000000010000065c	ldrb	w10, [x21, #0x1]
0000000100000660	add	x21, x21, #0x2
0000000100000664	ldr	x11, [x19, w9, uxtw #3]
0000000100000668	ldr	x12, [x19, w10, uxtw #3]
000000010000066c	sub	x11, x11, x12
0000000100000670	str	x11, [x19, w9, uxtw #3]
0000000100000674	b	next
h_mul:
0000000100000678	ldrb	w9, [x21], #0x1
000000010000067c	ldrb	w10, [x21], #0x1
0000000100000680	ldr	x11, [x19, w9, uxtw #3]
0000000100000684	ldr	x12, [x19, w10, uxtw #3]
0000000100000688	mul	x11, x11, x12
000000010000068c	str	x11, [x19, w9, uxtw #3]
0000000100000690	b	next
h_div:
0000000100000694	ldrb	w9, [x21], #0x1
0000000100000698	ldrb	w10, [x21], #0x1
000000010000069c	ldr	x11, [x19, w9, uxtw #3]
00000001000006a0	ldr	x12, [x19, w10, uxtw #3]
00000001000006a4	cbz	x12, 0x1000006c8
00000001000006a8	cmn	x12, #0x1
00000001000006ac	b.ne	0x1000006bc
00000001000006b0	mov	x13, #-0x8000000000000000
00000001000006b4	cmp	x11, x13
00000001000006b8	b.eq	0x1000006c8
00000001000006bc	sdiv	x11, x11, x12
00000001000006c0	str	x11, [x19, w9, uxtw #3]
00000001000006c4	b	next
00000001000006c8	udf	#0x0
h_mod:
00000001000006cc	ldrb	w9, [x21], #0x1
00000001000006d0	ldrb	w10, [x21], #0x1
00000001000006d4	ldr	x11, [x19, w9, uxtw #3]
00000001000006d8	ldr	x12, [x19, w10, uxtw #3]
00000001000006dc	cbz	x12, 0x1000006c8
00000001000006e0	cmn	x12, #0x1
00000001000006e4	b.ne	0x1000006f4
00000001000006e8	mov	x14, #-0x8000000000000000
00000001000006ec	cmp	x11, x14
00000001000006f0	b.eq	0x1000006c8
00000001000006f4	sdiv	x13, x11, x12
00000001000006f8	msub	x11, x13, x12, x11
00000001000006fc	str	x11, [x19, w9, uxtw #3]
0000000100000700	b	next
h_loadb:
0000000100000704	ldrb	w9, [x21], #0x1
0000000100000708	ldrb	w10, [x21], #0x1
000000010000070c	ldr	x12, [x19, w10, uxtw #3]
0000000100000710	cmp	x12, x23
0000000100000714	b.hs	0x100000604
0000000100000718	ldrb	w11, [x20, x12]
000000010000071c	str	x11, [x19, w9, uxtw #3]
0000000100000720	b	next
h_storeb:
0000000100000724	ldrb	w9, [x21], #0x1
0000000100000728	ldrb	w10, [x21], #0x1
000000010000072c	ldr	x11, [x19, w9, uxtw #3]
0000000100000730	ldr	x12, [x19, w10, uxtw #3]
0000000100000734	cmp	x11, x23
0000000100000738	b.hs	0x100000604
000000010000073c	strb	w12, [x20, x11]
0000000100000740	b	next
h_load:
0000000100000744	ldrb	w9, [x21]
0000000100000748	ldrb	w10, [x21, #0x1]
000000010000074c	add	x21, x21, #0x2
0000000100000750	ldr	x12, [x19, w10, uxtw #3]
0000000100000754	sub	x13, x23, #0x8
0000000100000758	cmp	x12, x13
000000010000075c	b.hi	0x100000604
0000000100000760	ldr	x11, [x20, x12]
0000000100000764	str	x11, [x19, w9, uxtw #3]
0000000100000768	b	next
h_store:
000000010000076c	ldrb	w9, [x21]
0000000100000770	ldrb	w10, [x21, #0x1]
0000000100000774	add	x21, x21, #0x2
0000000100000778	ldr	x11, [x19, w9, uxtw #3]
000000010000077c	ldr	x12, [x19, w10, uxtw #3]
0000000100000780	sub	x13, x23, #0x8
0000000100000784	cmp	x11, x13
0000000100000788	b.hi	0x100000604
000000010000078c	str	x12, [x20, x11]
0000000100000790	b	next
h_jmp:
0000000100000794	ldr	x10, [x21]
0000000100000798	add	x21, x20, x10
000000010000079c	b	next
h_jz:
00000001000007a0	ldrb	w9, [x21], #0x1
00000001000007a4	ldr	x10, [x21]
00000001000007a8	ldr	x11, [x19, w9, uxtw #3]
00000001000007ac	cbnz	x11, 0x1000007b8
00000001000007b0	add	x21, x20, x10
00000001000007b4	b	next
00000001000007b8	add	x21, x21, #0x8
00000001000007bc	b	next
h_jnz:
00000001000007c0	ldrb	w9, [x21], #0x1
00000001000007c4	ldr	x10, [x21]
00000001000007c8	ldr	x11, [x19, w9, uxtw #3]
00000001000007cc	cbz	x11, 0x1000007d8
00000001000007d0	add	x21, x20, x10
00000001000007d4	b	next
00000001000007d8	add	x21, x21, #0x8
00000001000007dc	b	next
h_jlt:
00000001000007e0	ldrb	w9, [x21], #0x1
00000001000007e4	ldrb	w10, [x21], #0x1
00000001000007e8	ldr	x12, [x21]
00000001000007ec	ldr	x13, [x19, w9, uxtw #3]
00000001000007f0	ldr	x14, [x19, w10, uxtw #3]
00000001000007f4	cmp	x13, x14
00000001000007f8	b.lt	0x100000804
00000001000007fc	add	x21, x21, #0x8
0000000100000800	b	next
0000000100000804	add	x21, x20, x12
0000000100000808	b	next
h_jeq:
000000010000080c	ldrb	w9, [x21], #0x1
0000000100000810	ldrb	w10, [x21], #0x1
0000000100000814	ldr	x12, [x21]
0000000100000818	ldr	x13, [x19, w9, uxtw #3]
000000010000081c	ldr	x14, [x19, w10, uxtw #3]
0000000100000820	cmp	x13, x14
0000000100000824	b.eq	0x100000830
0000000100000828	add	x21, x21, #0x8
000000010000082c	b	next
0000000100000830	add	x21, x20, x12
0000000100000834	b	next
h_read:
0000000100000838	ldrb	w24, [x21], #0x1
000000010000083c	mov	x0, #0x0
0000000100000840	adrp	x1, 4104 ; 0x101008000
0000000100000844	add	x1, x1, #0x800
0000000100000848	mov	x2, #0x1
000000010000084c	bl	0x100000904
0000000100000850	cmp	x0, #0x1
0000000100000854	b.lt	0x10000086c
0000000100000858	adrp	x1, 4104 ; 0x101008000
000000010000085c	add	x1, x1, #0x800
0000000100000860	ldrb	w9, [x1]
0000000100000864	str	x9, [x19, w24, uxtw #3]
0000000100000868	b	next
000000010000086c	mov	x9, #-0x1
0000000100000870	str	x9, [x19, w24, uxtw #3]
0000000100000874	b	next
h_write:
0000000100000878	ldrb	w9, [x21], #0x1
000000010000087c	ldr	x10, [x19, w9, uxtw #3]
0000000100000880	adrp	x1, 4104 ; 0x101008000
0000000100000884	add	x1, x1, #0x800
0000000100000888	strb	w10, [x1]
000000010000088c	mov	x0, #0x1
0000000100000890	mov	x2, #0x1
0000000100000894	bl	0x100000910
0000000100000898	b	next
h_call:
000000010000089c	cmp	x22, #0x8
00000001000008a0	b.lo	0x100000604
00000001000008a4	cmp	x22, x23
00000001000008a8	b.hi	0x100000604
00000001000008ac	ldr	x10, [x21]
00000001000008b0	add	x11, x21, #0x8
00000001000008b4	sub	x11, x11, x20
00000001000008b8	sub	x22, x22, #0x8
00000001000008bc	str	x11, [x20, x22]
00000001000008c0	add	x21, x20, x10
00000001000008c4	b	next
h_ret:
00000001000008c8	sub	x13, x23, #0x8
00000001000008cc	cmp	x22, x13
00000001000008d0	b.hi	0x100000604
00000001000008d4	ldr	x11, [x20, x22]
00000001000008d8	add	x22, x22, #0x8
00000001000008dc	add	x21, x20, x11
00000001000008e0	b	next
h_halt:
00000001000008e4	ldrb	w9, [x21], #0x1
00000001000008e8	ldr	x10, [x19, w9, uxtw #3]
00000001000008ec	mov	w0, w10
00000001000008f0	ldp	x23, x24, [sp], #0x10
00000001000008f4	ldp	x21, x22, [sp], #0x10
00000001000008f8	ldp	x19, x20, [sp], #0x10
00000001000008fc	ldp	x29, x30, [sp], #0x10
0000000100000900	ret	
