
alpha_x64_linux:     file format elf64-x86-64


Disassembly of section .text:

0000000000401000 <.text>:
  401000:	48 83 ec 28          	sub    $0x28,%rsp
  401004:	48 c7 c3 00 20 40 00 	mov    $0x402000,%rbx
  40100b:	49 c7 c4 00 00 00 10 	mov    $0x10000000,%r12
  401012:	31 ff                	xor    %edi,%edi
  401014:	48 be 00 00 00 00 20 	movabs $0x2000000000,%rsi
  40101b:	00 00 00 
  40101e:	ba 03 00 00 00       	mov    $0x3,%edx
  401023:	41 ba 22 40 00 00    	mov    $0x4022,%r10d
  401029:	49 c7 c0 ff ff ff ff 	mov    $0xffffffffffffffff,%r8
  401030:	45 31 c9             	xor    %r9d,%r9d
  401033:	b8 09 00 00 00       	mov    $0x9,%eax
  401038:	0f 05                	syscall 
  40103a:	48 85 c0             	test   %rax,%rax
  40103d:	0f 88 46 01 00 00    	js     0x401189
  401043:	48 89 c7             	mov    %rax,%rdi
  401046:	48 c7 c0 00 30 40 00 	mov    $0x403000,%rax
  40104d:	44 8b 30             	mov    (%rax),%r14d
  401050:	41 81 fe fc ff ff 00 	cmp    $0xfffffc,%r14d
  401057:	0f 87 2c 01 00 00    	ja     0x401189
  40105d:	48 83 c0 04          	add    $0x4,%rax
  401061:	45 31 ff             	xor    %r15d,%r15d
  401064:	4d 85 f6             	test   %r14,%r14
  401067:	74 16                	je     0x40107f
  401069:	0f b6 08             	movzbl (%rax),%ecx
  40106c:	48 89 fa             	mov    %rdi,%rdx
  40106f:	4c 01 fa             	add    %r15,%rdx
  401072:	88 0a                	mov    %cl,(%rdx)
  401074:	48 ff c0             	inc    %rax
  401077:	49 ff c7             	inc    %r15
  40107a:	49 ff ce             	dec    %r14
  40107d:	eb e5                	jmp    0x401064
  40107f:	48 89 fe             	mov    %rdi,%rsi
  401082:	49 bd 00 00 00 00 20 	movabs $0x2000000000,%r13
  401089:	00 00 00 
  40108c:	49 be f8 ff ff ff 1f 	movabs $0x1ffffffff8,%r14
  401093:	00 00 00 
  401096:	48 89 f2             	mov    %rsi,%rdx
  401099:	48 29 fa             	sub    %rdi,%rdx
  40109c:	4c 39 ea             	cmp    %r13,%rdx
  40109f:	0f 83 e4 00 00 00    	jae    0x401189
  4010a5:	0f b6 06             	movzbl (%rsi),%eax
  4010a8:	83 f8 14             	cmp    $0x14,%eax
  4010ab:	0f 87 d8 00 00 00    	ja     0x401189
  4010b1:	4c 8d 05 d8 03 00 00 	lea    0x3d8(%rip),%r8        # 0x401490
  4010b8:	41 0f b6 0c 00       	movzbl (%r8,%rax,1),%ecx
  4010bd:	48 01 ca             	add    %rcx,%rdx
  4010c0:	4c 39 ea             	cmp    %r13,%rdx
  4010c3:	0f 87 c0 00 00 00    	ja     0x401189
  4010c9:	48 ff c6             	inc    %rsi
  4010cc:	83 f8 00             	cmp    $0x0,%eax
  4010cf:	0f 84 63 03 00 00    	je     0x401438
  4010d5:	83 f8 01             	cmp    $0x1,%eax
  4010d8:	0f 84 c4 00 00 00    	je     0x4011a2
  4010de:	83 f8 02             	cmp    $0x2,%eax
  4010e1:	0f 84 d1 00 00 00    	je     0x4011b8
  4010e7:	83 f8 03             	cmp    $0x3,%eax
  4010ea:	0f 84 e1 00 00 00    	je     0x4011d1
  4010f0:	83 f8 04             	cmp    $0x4,%eax
  4010f3:	0f 84 f5 00 00 00    	je     0x4011ee
  4010f9:	83 f8 05             	cmp    $0x5,%eax
  4010fc:	0f 84 09 01 00 00    	je     0x40120b
  401102:	83 f8 06             	cmp    $0x6,%eax
  401105:	0f 84 1e 01 00 00    	je     0x401229
  40110b:	83 f8 07             	cmp    $0x7,%eax
  40110e:	0f 84 59 01 00 00    	je     0x40126d
  401114:	83 f8 08             	cmp    $0x8,%eax
  401117:	0f 84 94 01 00 00    	je     0x4012b1
  40111d:	83 f8 09             	cmp    $0x9,%eax
  401120:	0f 84 b1 01 00 00    	je     0x4012d7
  401126:	83 f8 0a             	cmp    $0xa,%eax
  401129:	0f 84 cd 01 00 00    	je     0x4012fc
  40112f:	83 f8 0b             	cmp    $0xb,%eax
  401132:	0f 84 ea 01 00 00    	je     0x401322
  401138:	83 f8 0c             	cmp    $0xc,%eax
  40113b:	0f 84 07 02 00 00    	je     0x401348
  401141:	83 f8 0d             	cmp    $0xd,%eax
  401144:	0f 84 03 02 00 00    	je     0x40134d
  40114a:	83 f8 0e             	cmp    $0xe,%eax
  40114d:	0f 84 12 02 00 00    	je     0x401365
  401153:	83 f8 0f             	cmp    $0xf,%eax
  401156:	0f 84 21 02 00 00    	je     0x40137d
  40115c:	83 f8 10             	cmp    $0x10,%eax
  40115f:	0f 84 37 02 00 00    	je     0x40139c
  401165:	83 f8 11             	cmp    $0x11,%eax
  401168:	0f 84 4d 02 00 00    	je     0x4013bb
  40116e:	83 f8 12             	cmp    $0x12,%eax
  401171:	0f 84 59 02 00 00    	je     0x4013d0
  401177:	83 f8 13             	cmp    $0x13,%eax
  40117a:	0f 84 64 02 00 00    	je     0x4013e4
  401180:	83 f8 14             	cmp    $0x14,%eax
  401183:	0f 84 8e 02 00 00    	je     0x401417
  401189:	0f 0b                	ud2    
  40118b:	48 8b 06             	mov    (%rsi),%rax
  40118e:	48 89 fe             	mov    %rdi,%rsi
  401191:	48 01 c6             	add    %rax,%rsi
  401194:	e9 fd fe ff ff       	jmp    0x401096
  401199:	48 83 c6 08          	add    $0x8,%rsi
  40119d:	e9 f4 fe ff ff       	jmp    0x401096
  4011a2:	0f b6 0e             	movzbl (%rsi),%ecx
  4011a5:	48 ff c6             	inc    %rsi
  4011a8:	48 8b 06             	mov    (%rsi),%rax
  4011ab:	48 83 c6 08          	add    $0x8,%rsi
  4011af:	48 89 04 cb          	mov    %rax,(%rbx,%rcx,8)
  4011b3:	e9 de fe ff ff       	jmp    0x401096
  4011b8:	0f b6 0e             	movzbl (%rsi),%ecx
  4011bb:	48 ff c6             	inc    %rsi
  4011be:	0f b6 16             	movzbl (%rsi),%edx
  4011c1:	48 ff c6             	inc    %rsi
  4011c4:	48 8b 04 d3          	mov    (%rbx,%rdx,8),%rax
  4011c8:	48 89 04 cb          	mov    %rax,(%rbx,%rcx,8)
  4011cc:	e9 c5 fe ff ff       	jmp    0x401096
  4011d1:	0f b6 0e             	movzbl (%rsi),%ecx
  4011d4:	48 ff c6             	inc    %rsi
  4011d7:	0f b6 16             	movzbl (%rsi),%edx
  4011da:	48 ff c6             	inc    %rsi
  4011dd:	48 8b 04 cb          	mov    (%rbx,%rcx,8),%rax
  4011e1:	48 03 04 d3          	add    (%rbx,%rdx,8),%rax
  4011e5:	48 89 04 cb          	mov    %rax,(%rbx,%rcx,8)
  4011e9:	e9 a8 fe ff ff       	jmp    0x401096
  4011ee:	0f b6 0e             	movzbl (%rsi),%ecx
  4011f1:	48 ff c6             	inc    %rsi
  4011f4:	0f b6 16             	movzbl (%rsi),%edx
  4011f7:	48 ff c6             	inc    %rsi
  4011fa:	48 8b 04 cb          	mov    (%rbx,%rcx,8),%rax
  4011fe:	48 2b 04 d3          	sub    (%rbx,%rdx,8),%rax
  401202:	48 89 04 cb          	mov    %rax,(%rbx,%rcx,8)
  401206:	e9 8b fe ff ff       	jmp    0x401096
  40120b:	0f b6 0e             	movzbl (%rsi),%ecx
  40120e:	48 ff c6             	inc    %rsi
  401211:	0f b6 16             	movzbl (%rsi),%edx
  401214:	48 ff c6             	inc    %rsi
  401217:	48 8b 04 cb          	mov    (%rbx,%rcx,8),%rax
  40121b:	48 0f af 04 d3       	imul   (%rbx,%rdx,8),%rax
  401220:	48 89 04 cb          	mov    %rax,(%rbx,%rcx,8)
  401224:	e9 6d fe ff ff       	jmp    0x401096
  401229:	0f b6 0e             	movzbl (%rsi),%ecx
  40122c:	48 ff c6             	inc    %rsi
  40122f:	0f b6 16             	movzbl (%rsi),%edx
  401232:	48 ff c6             	inc    %rsi
  401235:	4c 8b 04 d3          	mov    (%rbx,%rdx,8),%r8
  401239:	48 8b 04 cb          	mov    (%rbx,%rcx,8),%rax
  40123d:	4d 85 c0             	test   %r8,%r8
  401240:	0f 84 43 ff ff ff    	je     0x401189
  401246:	49 83 f8 ff          	cmp    $0xffffffffffffffff,%r8
  40124a:	75 13                	jne    0x40125f
  40124c:	49 b9 00 00 00 00 00 	movabs $0x8000000000000000,%r9
  401253:	00 00 80 
  401256:	4c 39 c8             	cmp    %r9,%rax
  401259:	0f 84 2a ff ff ff    	je     0x401189
  40125f:	48 99                	cqto   
  401261:	49 f7 f8             	idiv   %r8
  401264:	48 89 04 cb          	mov    %rax,(%rbx,%rcx,8)
  401268:	e9 29 fe ff ff       	jmp    0x401096
  40126d:	0f b6 0e             	movzbl (%rsi),%ecx
  401270:	48 ff c6             	inc    %rsi
  401273:	0f b6 16             	movzbl (%rsi),%edx
  401276:	48 ff c6             	inc    %rsi
  401279:	4c 8b 04 d3          	mov    (%rbx,%rdx,8),%r8
  40127d:	48 8b 04 cb          	mov    (%rbx,%rcx,8),%rax
  401281:	4d 85 c0             	test   %r8,%r8
  401284:	0f 84 ff fe ff ff    	je     0x401189
  40128a:	49 83 f8 ff          	cmp    $0xffffffffffffffff,%r8
  40128e:	75 13                	jne    0x4012a3
  401290:	49 b9 00 00 00 00 00 	movabs $0x8000000000000000,%r9
  401297:	00 00 80 
  40129a:	4c 39 c8             	cmp    %r9,%rax
  40129d:	0f 84 e6 fe ff ff    	je     0x401189
  4012a3:	48 99                	cqto   
  4012a5:	49 f7 f8             	idiv   %r8
  4012a8:	48 89 14 cb          	mov    %rdx,(%rbx,%rcx,8)
  4012ac:	e9 e5 fd ff ff       	jmp    0x401096
  4012b1:	0f b6 0e             	movzbl (%rsi),%ecx
  4012b4:	48 ff c6             	inc    %rsi
  4012b7:	0f b6 16             	movzbl (%rsi),%edx
  4012ba:	48 ff c6             	inc    %rsi
  4012bd:	48 8b 04 d3          	mov    (%rbx,%rdx,8),%rax
  4012c1:	4c 39 e8             	cmp    %r13,%rax
  4012c4:	0f 83 bf fe ff ff    	jae    0x401189
  4012ca:	0f b6 14 07          	movzbl (%rdi,%rax,1),%edx
  4012ce:	48 89 14 cb          	mov    %rdx,(%rbx,%rcx,8)
  4012d2:	e9 bf fd ff ff       	jmp    0x401096
  4012d7:	0f b6 0e             	movzbl (%rsi),%ecx
  4012da:	48 ff c6             	inc    %rsi
  4012dd:	0f b6 16             	movzbl (%rsi),%edx
  4012e0:	48 ff c6             	inc    %rsi
  4012e3:	48 8b 04 cb          	mov    (%rbx,%rcx,8),%rax
  4012e7:	48 8b 14 d3          	mov    (%rbx,%rdx,8),%rdx
  4012eb:	4c 39 e8             	cmp    %r13,%rax
  4012ee:	0f 83 95 fe ff ff    	jae    0x401189
  4012f4:	88 14 07             	mov    %dl,(%rdi,%rax,1)
  4012f7:	e9 9a fd ff ff       	jmp    0x401096
  4012fc:	0f b6 0e             	movzbl (%rsi),%ecx
  4012ff:	48 ff c6             	inc    %rsi
  401302:	0f b6 16             	movzbl (%rsi),%edx
  401305:	48 ff c6             	inc    %rsi
  401308:	48 8b 04 d3          	mov    (%rbx,%rdx,8),%rax
  40130c:	4c 39 f0             	cmp    %r14,%rax
  40130f:	0f 87 74 fe ff ff    	ja     0x401189
  401315:	48 8b 14 07          	mov    (%rdi,%rax,1),%rdx
  401319:	48 89 14 cb          	mov    %rdx,(%rbx,%rcx,8)
  40131d:	e9 74 fd ff ff       	jmp    0x401096
  401322:	0f b6 0e             	movzbl (%rsi),%ecx
  401325:	48 ff c6             	inc    %rsi
  401328:	0f b6 16             	movzbl (%rsi),%edx
  40132b:	48 ff c6             	inc    %rsi
  40132e:	48 8b 04 cb          	mov    (%rbx,%rcx,8),%rax
  401332:	48 8b 14 d3          	mov    (%rbx,%rdx,8),%rdx
  401336:	4c 39 f0             	cmp    %r14,%rax
  401339:	0f 87 4a fe ff ff    	ja     0x401189
  40133f:	48 89 14 07          	mov    %rdx,(%rdi,%rax,1)
  401343:	e9 4e fd ff ff       	jmp    0x401096
  401348:	e9 3e fe ff ff       	jmp    0x40118b
  40134d:	0f b6 0e             	movzbl (%rsi),%ecx
  401350:	48 ff c6             	inc    %rsi
  401353:	48 8b 04 cb          	mov    (%rbx,%rcx,8),%rax
  401357:	48 85 c0             	test   %rax,%rax
  40135a:	0f 84 2b fe ff ff    	je     0x40118b
  401360:	e9 34 fe ff ff       	jmp    0x401199
  401365:	0f b6 0e             	movzbl (%rsi),%ecx
  401368:	48 ff c6             	inc    %rsi
  40136b:	48 8b 04 cb          	mov    (%rbx,%rcx,8),%rax
  40136f:	48 85 c0             	test   %rax,%rax
  401372:	0f 85 13 fe ff ff    	jne    0x40118b
  401378:	e9 1c fe ff ff       	jmp    0x401199
  40137d:	0f b6 0e             	movzbl (%rsi),%ecx
  401380:	48 ff c6             	inc    %rsi
  401383:	0f b6 16             	movzbl (%rsi),%edx
  401386:	48 ff c6             	inc    %rsi
  401389:	48 8b 04 cb          	mov    (%rbx,%rcx,8),%rax
  40138d:	48 3b 04 d3          	cmp    (%rbx,%rdx,8),%rax
  401391:	0f 8c f4 fd ff ff    	jl     0x40118b
  401397:	e9 fd fd ff ff       	jmp    0x401199
  40139c:	0f b6 0e             	movzbl (%rsi),%ecx
  40139f:	48 ff c6             	inc    %rsi
  4013a2:	0f b6 16             	movzbl (%rsi),%edx
  4013a5:	48 ff c6             	inc    %rsi
  4013a8:	48 8b 04 cb          	mov    (%rbx,%rcx,8),%rax
  4013ac:	48 3b 04 d3          	cmp    (%rbx,%rdx,8),%rax
  4013b0:	0f 84 d5 fd ff ff    	je     0x40118b
  4013b6:	e9 de fd ff ff       	jmp    0x401199
  4013bb:	48 ff c6             	inc    %rsi
  4013be:	e8 82 00 00 00       	call   0x401445
  4013c3:	0f b6 4e ff          	movzbl -0x1(%rsi),%ecx
  4013c7:	48 89 04 cb          	mov    %rax,(%rbx,%rcx,8)
  4013cb:	e9 c6 fc ff ff       	jmp    0x401096
  4013d0:	0f b6 0e             	movzbl (%rsi),%ecx
  4013d3:	48 ff c6             	inc    %rsi
  4013d6:	48 8b 04 cb          	mov    (%rbx,%rcx,8),%rax
  4013da:	e8 90 00 00 00       	call   0x40146f
  4013df:	e9 b2 fc ff ff       	jmp    0x401096
  4013e4:	49 8d 54 24 f8       	lea    -0x8(%r12),%rdx
  4013e9:	4c 39 f2             	cmp    %r14,%rdx
  4013ec:	0f 87 97 fd ff ff    	ja     0x401189
  4013f2:	48 8b 06             	mov    (%rsi),%rax
  4013f5:	48 89 f2             	mov    %rsi,%rdx
  4013f8:	48 29 fa             	sub    %rdi,%rdx
  4013fb:	48 83 c2 08          	add    $0x8,%rdx
  4013ff:	49 83 ec 08          	sub    $0x8,%r12
  401403:	49 89 fa             	mov    %rdi,%r10
  401406:	4d 01 e2             	add    %r12,%r10
  401409:	49 89 12             	mov    %rdx,(%r10)
  40140c:	48 89 fe             	mov    %rdi,%rsi
  40140f:	48 01 c6             	add    %rax,%rsi
  401412:	e9 7f fc ff ff       	jmp    0x401096
  401417:	4d 39 f4             	cmp    %r14,%r12
  40141a:	0f 87 69 fd ff ff    	ja     0x401189
  401420:	49 89 fa             	mov    %rdi,%r10
  401423:	4d 01 e2             	add    %r12,%r10
  401426:	49 8b 12             	mov    (%r10),%rdx
  401429:	49 83 c4 08          	add    $0x8,%r12
  40142d:	48 89 fe             	mov    %rdi,%rsi
  401430:	48 01 d6             	add    %rdx,%rsi
  401433:	e9 5e fc ff ff       	jmp    0x401096
  401438:	0f b6 0e             	movzbl (%rsi),%ecx
  40143b:	8b 3c cb             	mov    (%rbx,%rcx,8),%edi
  40143e:	b8 3c 00 00 00       	mov    $0x3c,%eax
  401443:	0f 05                	syscall 
  401445:	56                   	push   %rsi
  401446:	57                   	push   %rdi
  401447:	31 ff                	xor    %edi,%edi
  401449:	be 00 28 40 00       	mov    $0x402800,%esi
  40144e:	ba 01 00 00 00       	mov    $0x1,%edx
  401453:	31 c0                	xor    %eax,%eax
  401455:	0f 05                	syscall 
  401457:	5f                   	pop    %rdi
  401458:	5e                   	pop    %rsi
  401459:	48 83 f8 01          	cmp    $0x1,%rax
  40145d:	75 08                	jne    0x401467
  40145f:	0f b6 05 9a 13 00 00 	movzbl 0x139a(%rip),%eax        # 0x402800
  401466:	c3                   	ret    
  401467:	48 c7 c0 ff ff ff ff 	mov    $0xffffffffffffffff,%rax
  40146e:	c3                   	ret    
  40146f:	88 05 8b 13 00 00    	mov    %al,0x138b(%rip)        # 0x402800
  401475:	56                   	push   %rsi
  401476:	57                   	push   %rdi
  401477:	bf 01 00 00 00       	mov    $0x1,%edi
  40147c:	be 00 28 40 00       	mov    $0x402800,%esi
  401481:	ba 01 00 00 00       	mov    $0x1,%edx
  401486:	b8 01 00 00 00       	mov    $0x1,%eax
  40148b:	0f 05                	syscall 
  40148d:	5f                   	pop    %rdi
  40148e:	5e                   	pop    %rsi
  40148f:	c3                   	ret    
  401490:	02 0a                	add    (%rdx),%cl
  401492:	03 03                	add    (%rbx),%eax
  401494:	03 03                	add    (%rbx),%eax
  401496:	03 03                	add    (%rbx),%eax
  401498:	03 03                	add    (%rbx),%eax
  40149a:	03 03                	add    (%rbx),%eax
  40149c:	09 0a                	or     %ecx,(%rdx)
  40149e:	0a 0b                	or     (%rbx),%cl
  4014a0:	0b 02                	or     (%rdx),%eax
  4014a2:	02 09                	add    (%rcx),%cl
  4014a4:	01                   	.byte 0x1
