compiler/alpha/alpha_arm64_macos:
(__TEXT,__text) section
_main:
00000001000004b0	stp	x29, x30, [sp, #-0x10]!
00000001000004b4	stp	x19, x20, [sp, #-0x10]!
00000001000004b8	stp	x21, x22, [sp, #-0x10]!
00000001000004bc	stp	x23, x24, [sp, #-0x10]!
00000001000004c0	adrp	x19, 16 ; 0x100010000
00000001000004c4	add	x19, x19, #0x10
00000001000004c8	adrp	x20, 16 ; 0x100010000
00000001000004cc	add	x20, x20, #0x810
00000001000004d0	adrp	x9, 8 ; 0x100008000
00000001000004d4	add	x9, x9, #0x0
00000001000004d8	ldr	w10, [x9]
00000001000004dc	add	x9, x9, #0x4
00000001000004e0	mov	x11, #0x0
00000001000004e4	cbz	w10, 0x1000004fc
00000001000004e8	ldrb	w12, [x9], #0x1
00000001000004ec	strb	w12, [x20, x11]
00000001000004f0	add	x11, x11, #0x1
00000001000004f4	sub	w10, w10, #0x1
00000001000004f8	b	0x1000004e4
00000001000004fc	mov	x21, x20
0000000100000500	mov	x22, #0x4000000
next:
0000000100000504	ldrb	w23, [x21], #0x1
0000000100000508	cmp	w23, #0x0
000000010000050c	b.eq	h_halt
0000000100000510	cmp	w23, #0x1
0000000100000514	b.eq	h_imm
0000000100000518	cmp	w23, #0x2
000000010000051c	b.eq	h_mov
0000000100000520	cmp	w23, #0x3
0000000100000524	b.eq	h_add
0000000100000528	cmp	w23, #0x4
000000010000052c	b.eq	h_sub
0000000100000530	cmp	w23, #0x5
0000000100000534	b.eq	h_mul
0000000100000538	cmp	w23, #0x6
000000010000053c	b.eq	h_div
0000000100000540	cmp	w23, #0x7
0000000100000544	b.eq	h_mod
0000000100000548	cmp	w23, #0x8
000000010000054c	b.eq	h_loadb
0000000100000550	cmp	w23, #0x9
0000000100000554	b.eq	h_storeb
0000000100000558	cmp	w23, #0xa
000000010000055c	b.eq	h_load
0000000100000560	cmp	w23, #0xb
0000000100000564	b.eq	h_store
0000000100000568	cmp	w23, #0xc
000000010000056c	b.eq	h_jmp
0000000100000570	cmp	w23, #0xd
0000000100000574	b.eq	h_jz
0000000100000578	cmp	w23, #0xe
000000010000057c	b.eq	h_jnz
0000000100000580	cmp	w23, #0xf
0000000100000584	b.eq	h_jlt
0000000100000588	cmp	w23, #0x10
000000010000058c	b.eq	h_jeq
0000000100000590	cmp	w23, #0x11
0000000100000594	b.eq	h_read
0000000100000598	cmp	w23, #0x12
000000010000059c	b.eq	h_write
00000001000005a0	cmp	w23, #0x13
00000001000005a4	b.eq	h_call
00000001000005a8	cmp	w23, #0x14
00000001000005ac	b.eq	h_ret
00000001000005b0	udf	#0x0
h_imm:
00000001000005b4	ldrb	w9, [x21], #0x1
00000001000005b8	ldr	x10, [x21], #0x8
00000001000005bc	str	x10, [x19, w9, uxtw #3]
00000001000005c0	b	next
h_mov:
00000001000005c4	ldrb	w9, [x21], #0x1
00000001000005c8	ldrb	w10, [x21], #0x1
00000001000005cc	ldr	x11, [x19, w10, uxtw #3]
00000001000005d0	str	x11, [x19, w9, uxtw #3]
00000001000005d4	b	next
h_add:
00000001000005d8	ldrb	w9, [x21], #0x1
00000001000005dc	ldrb	w10, [x21], #0x1
00000001000005e0	ldr	x11, [x19, w9, uxtw #3]
00000001000005e4	ldr	x12, [x19, w10, uxtw #3]
00000001000005e8	add	x11, x11, x12
00000001000005ec	str	x11, [x19, w9, uxtw #3]
00000001000005f0	b	next
h_sub:
00000001000005f4	ldrb	w9, [x21], #0x1
00000001000005f8	ldrb	w10, [x21], #0x1
00000001000005fc	ldr	x11, [x19, w9, uxtw #3]
0000000100000600	ldr	x12, [x19, w10, uxtw #3]
0000000100000604	sub	x11, x11, x12
0000000100000608	str	x11, [x19, w9, uxtw #3]
000000010000060c	b	next
h_mul:
0000000100000610	ldrb	w9, [x21], #0x1
0000000100000614	ldrb	w10, [x21], #0x1
0000000100000618	ldr	x11, [x19, w9, uxtw #3]
000000010000061c	ldr	x12, [x19, w10, uxtw #3]
0000000100000620	mul	x11, x11, x12
0000000100000624	str	x11, [x19, w9, uxtw #3]
0000000100000628	b	next
h_div:
000000010000062c	ldrb	w9, [x21], #0x1
0000000100000630	ldrb	w10, [x21], #0x1
0000000100000634	ldr	x11, [x19, w9, uxtw #3]
0000000100000638	ldr	x12, [x19, w10, uxtw #3]
000000010000063c	cbz	x12, 0x10000064c
0000000100000640	sdiv	x11, x11, x12
0000000100000644	str	x11, [x19, w9, uxtw #3]
0000000100000648	b	next
000000010000064c	udf	#0x0
h_mod:
0000000100000650	ldrb	w9, [x21], #0x1
0000000100000654	ldrb	w10, [x21], #0x1
0000000100000658	ldr	x11, [x19, w9, uxtw #3]
000000010000065c	ldr	x12, [x19, w10, uxtw #3]
0000000100000660	cbz	x12, 0x10000064c
0000000100000664	sdiv	x13, x11, x12
0000000100000668	msub	x11, x13, x12, x11
000000010000066c	str	x11, [x19, w9, uxtw #3]
0000000100000670	b	next
h_loadb:
0000000100000674	ldrb	w9, [x21], #0x1
0000000100000678	ldrb	w10, [x21], #0x1
000000010000067c	ldr	x12, [x19, w10, uxtw #3]
0000000100000680	ldrb	w11, [x20, x12]
0000000100000684	str	x11, [x19, w9, uxtw #3]
0000000100000688	b	next
h_storeb:
000000010000068c	ldrb	w9, [x21], #0x1
0000000100000690	ldrb	w10, [x21], #0x1
0000000100000694	ldr	x11, [x19, w9, uxtw #3]
0000000100000698	ldr	x12, [x19, w10, uxtw #3]
000000010000069c	strb	w12, [x20, x11]
00000001000006a0	b	next
h_load:
00000001000006a4	ldrb	w9, [x21], #0x1
00000001000006a8	ldrb	w10, [x21], #0x1
00000001000006ac	ldr	x12, [x19, w10, uxtw #3]
00000001000006b0	ldr	x11, [x20, x12]
00000001000006b4	str	x11, [x19, w9, uxtw #3]
00000001000006b8	b	next
h_store:
00000001000006bc	ldrb	w9, [x21], #0x1
00000001000006c0	ldrb	w10, [x21], #0x1
00000001000006c4	ldr	x11, [x19, w9, uxtw #3]
00000001000006c8	ldr	x12, [x19, w10, uxtw #3]
00000001000006cc	str	x12, [x20, x11]
00000001000006d0	b	next
h_jmp:
00000001000006d4	ldr	x10, [x21]
00000001000006d8	add	x21, x20, x10
00000001000006dc	b	next
h_jz:
00000001000006e0	ldrb	w9, [x21], #0x1
00000001000006e4	ldr	x10, [x21]
00000001000006e8	ldr	x11, [x19, w9, uxtw #3]
00000001000006ec	cbnz	x11, 0x1000006f8
00000001000006f0	add	x21, x20, x10
00000001000006f4	b	next
00000001000006f8	add	x21, x21, #0x8
00000001000006fc	b	next
h_jnz:
0000000100000700	ldrb	w9, [x21], #0x1
0000000100000704	ldr	x10, [x21]
0000000100000708	ldr	x11, [x19, w9, uxtw #3]
000000010000070c	cbz	x11, 0x100000718
0000000100000710	add	x21, x20, x10
0000000100000714	b	next
0000000100000718	add	x21, x21, #0x8
000000010000071c	b	next
h_jlt:
0000000100000720	ldrb	w9, [x21], #0x1
0000000100000724	ldrb	w10, [x21], #0x1
0000000100000728	ldr	x12, [x21]
000000010000072c	ldr	x13, [x19, w9, uxtw #3]
0000000100000730	ldr	x14, [x19, w10, uxtw #3]
0000000100000734	cmp	x13, x14
0000000100000738	b.lt	0x100000744
000000010000073c	add	x21, x21, #0x8
0000000100000740	b	next
0000000100000744	add	x21, x20, x12
0000000100000748	b	next
h_jeq:
000000010000074c	ldrb	w9, [x21], #0x1
0000000100000750	ldrb	w10, [x21], #0x1
0000000100000754	ldr	x12, [x21]
0000000100000758	ldr	x13, [x19, w9, uxtw #3]
000000010000075c	ldr	x14, [x19, w10, uxtw #3]
0000000100000760	cmp	x13, x14
0000000100000764	b.eq	0x100000770
0000000100000768	add	x21, x21, #0x8
000000010000076c	b	next
0000000100000770	add	x21, x20, x12
0000000100000774	b	next
h_read:
0000000100000778	ldrb	w24, [x21], #0x1
000000010000077c	mov	x0, #0x0
0000000100000780	adrp	x1, 16416 ; 0x104020000
0000000100000784	add	x1, x1, #0x810
0000000100000788	mov	x2, #0x1
000000010000078c	bl	0x100000828 ; symbol stub for: _read
0000000100000790	cmp	x0, #0x1
0000000100000794	b.lt	0x1000007ac
0000000100000798	adrp	x1, 16416 ; 0x104020000
000000010000079c	add	x1, x1, #0x810
00000001000007a0	ldrb	w9, [x1]
00000001000007a4	str	x9, [x19, w24, uxtw #3]
00000001000007a8	b	next
00000001000007ac	mov	x9, #-0x1
00000001000007b0	str	x9, [x19, w24, uxtw #3]
00000001000007b4	b	next
h_write:
00000001000007b8	ldrb	w9, [x21], #0x1
00000001000007bc	ldr	x10, [x19, w9, uxtw #3]
00000001000007c0	adrp	x1, 16416 ; 0x104020000
00000001000007c4	add	x1, x1, #0x810
00000001000007c8	strb	w10, [x1]
00000001000007cc	mov	x0, #0x1
00000001000007d0	mov	x2, #0x1
00000001000007d4	bl	0x100000834 ; symbol stub for: _write
00000001000007d8	b	next
h_call:
00000001000007dc	ldr	x10, [x21]
00000001000007e0	add	x11, x21, #0x8
00000001000007e4	sub	x11, x11, x20
00000001000007e8	sub	x22, x22, #0x8
00000001000007ec	str	x11, [x20, x22]
00000001000007f0	add	x21, x20, x10
00000001000007f4	b	next
h_ret:
00000001000007f8	ldr	x11, [x20, x22]
00000001000007fc	add	x22, x22, #0x8
0000000100000800	add	x21, x20, x11
0000000100000804	b	next
h_halt:
0000000100000808	ldrb	w9, [x21], #0x1
000000010000080c	ldr	x10, [x19, w9, uxtw #3]
0000000100000810	mov	w0, w10
0000000100000814	ldp	x23, x24, [sp], #0x10
0000000100000818	ldp	x21, x22, [sp], #0x10
000000010000081c	ldp	x19, x20, [sp], #0x10
0000000100000820	ldp	x29, x30, [sp], #0x10
0000000100000824	ret
