alpha/alpha_arm64_macos:
(__TEXT,__text) section
_main:
0000000100000490	stp	x29, x30, [sp, #-0x10]!
0000000100000494	stp	x19, x20, [sp, #-0x10]!
0000000100000498	stp	x21, x22, [sp, #-0x10]!
000000010000049c	stp	x23, x24, [sp, #-0x10]!
00000001000004a0	adrp	x19, 72 ; 0x100048000
00000001000004a4	add	x19, x19, #0x10
00000001000004a8	adrp	x20, 72 ; 0x100048000
00000001000004ac	add	x20, x20, #0x810
00000001000004b0	adrp	x9, 8 ; 0x100008000
00000001000004b4	add	x9, x9, #0x0
00000001000004b8	ldr	w10, [x9]
00000001000004bc	add	x9, x9, #0x4
00000001000004c0	mov	x11, #0x0
00000001000004c4	cbz	w10, 0x1000004dc
00000001000004c8	ldrb	w12, [x9], #0x1
00000001000004cc	strb	w12, [x20, x11]
00000001000004d0	add	x11, x11, #0x1
00000001000004d4	sub	w10, w10, #0x1
00000001000004d8	b	0x1000004c4
00000001000004dc	mov	x21, x20
00000001000004e0	mov	x22, #0x4000000
next:
00000001000004e4	ldrb	w23, [x21], #0x1
00000001000004e8	cmp	w23, #0x1
00000001000004ec	b.eq	h_imm
00000001000004f0	cmp	w23, #0x4
00000001000004f4	b.eq	h_sub
00000001000004f8	cmp	w23, #0xa
00000001000004fc	b.eq	h_load
0000000100000500	cmp	w23, #0x2
0000000100000504	b.eq	h_mov
0000000100000508	cmp	w23, #0xb
000000010000050c	b.eq	h_store
0000000100000510	cmp	w23, #0x3
0000000100000514	b.eq	h_add
0000000100000518	cmp	w23, #0xc
000000010000051c	b.eq	h_jmp
0000000100000520	cmp	w23, #0xd
0000000100000524	b.eq	h_jz
0000000100000528	cmp	w23, #0x10
000000010000052c	b.eq	h_jeq
0000000100000530	cmp	w23, #0x13
0000000100000534	b.eq	h_call
0000000100000538	cmp	w23, #0x14
000000010000053c	b.eq	h_ret
0000000100000540	cmp	w23, #0xf
0000000100000544	b.eq	h_jlt
0000000100000548	cmp	w23, #0x5
000000010000054c	b.eq	h_mul
0000000100000550	cmp	w23, #0x8
0000000100000554	b.eq	h_loadb
0000000100000558	cmp	w23, #0x6
000000010000055c	b.eq	h_div
0000000100000560	cmp	w23, #0x9
0000000100000564	b.eq	h_storeb
0000000100000568	cmp	w23, #0x7
000000010000056c	b.eq	h_mod
0000000100000570	cmp	w23, #0x11
0000000100000574	b.eq	h_read
0000000100000578	cmp	w23, #0x0
000000010000057c	b.eq	h_halt
0000000100000580	cmp	w23, #0xe
0000000100000584	b.eq	h_jnz
0000000100000588	cmp	w23, #0x12
000000010000058c	b.eq	h_write
0000000100000590	udf	#0x0
h_imm:
0000000100000594	ldrb	w9, [x21], #0x1
0000000100000598	ldr	x10, [x21], #0x8
000000010000059c	str	x10, [x19, w9, uxtw #3]
00000001000005a0	b	next
h_mov:
00000001000005a4	ldrb	w9, [x21]
00000001000005a8	ldrb	w10, [x21, #0x1]
00000001000005ac	add	x21, x21, #0x2
00000001000005b0	ldr	x11, [x19, w10, uxtw #3]
00000001000005b4	str	x11, [x19, w9, uxtw #3]
00000001000005b8	b	next
h_add:
00000001000005bc	ldrb	w9, [x21]
00000001000005c0	ldrb	w10, [x21, #0x1]
00000001000005c4	add	x21, x21, #0x2
00000001000005c8	ldr	x11, [x19, w9, uxtw #3]
00000001000005cc	ldr	x12, [x19, w10, uxtw #3]
00000001000005d0	add	x11, x11, x12
00000001000005d4	str	x11, [x19, w9, uxtw #3]
00000001000005d8	b	next
h_sub:
00000001000005dc	ldrb	w9, [x21]
00000001000005e0	ldrb	w10, [x21, #0x1]
00000001000005e4	add	x21, x21, #0x2
00000001000005e8	ldr	x11, [x19, w9, uxtw #3]
00000001000005ec	ldr	x12, [x19, w10, uxtw #3]
00000001000005f0	sub	x11, x11, x12
00000001000005f4	str	x11, [x19, w9, uxtw #3]
00000001000005f8	b	next
h_mul:
00000001000005fc	ldrb	w9, [x21], #0x1
0000000100000600	ldrb	w10, [x21], #0x1
0000000100000604	ldr	x11, [x19, w9, uxtw #3]
0000000100000608	ldr	x12, [x19, w10, uxtw #3]
000000010000060c	mul	x11, x11, x12
0000000100000610	str	x11, [x19, w9, uxtw #3]
0000000100000614	b	next
h_div:
0000000100000618	ldrb	w9, [x21], #0x1
000000010000061c	ldrb	w10, [x21], #0x1
0000000100000620	ldr	x11, [x19, w9, uxtw #3]
0000000100000624	ldr	x12, [x19, w10, uxtw #3]
0000000100000628	cbz	x12, 0x10000064c
000000010000062c	cmn	x12, #0x1
0000000100000630	b.ne	0x100000640
0000000100000634	mov	x13, #-0x8000000000000000
0000000100000638	cmp	x11, x13
000000010000063c	b.eq	0x10000064c
0000000100000640	sdiv	x11, x11, x12
0000000100000644	str	x11, [x19, w9, uxtw #3]
0000000100000648	b	next
000000010000064c	udf	#0x0
h_mod:
0000000100000650	ldrb	w9, [x21], #0x1
0000000100000654	ldrb	w10, [x21], #0x1
0000000100000658	ldr	x11, [x19, w9, uxtw #3]
000000010000065c	ldr	x12, [x19, w10, uxtw #3]
0000000100000660	cbz	x12, 0x10000064c
0000000100000664	cmn	x12, #0x1
0000000100000668	b.ne	0x100000678
000000010000066c	mov	x14, #-0x8000000000000000
0000000100000670	cmp	x11, x14
0000000100000674	b.eq	0x10000064c
0000000100000678	sdiv	x13, x11, x12
000000010000067c	msub	x11, x13, x12, x11
0000000100000680	str	x11, [x19, w9, uxtw #3]
0000000100000684	b	next
h_loadb:
0000000100000688	ldrb	w9, [x21], #0x1
000000010000068c	ldrb	w10, [x21], #0x1
0000000100000690	ldr	x12, [x19, w10, uxtw #3]
0000000100000694	ldrb	w11, [x20, x12]
0000000100000698	str	x11, [x19, w9, uxtw #3]
000000010000069c	b	next
h_storeb:
00000001000006a0	ldrb	w9, [x21], #0x1
00000001000006a4	ldrb	w10, [x21], #0x1
00000001000006a8	ldr	x11, [x19, w9, uxtw #3]
00000001000006ac	ldr	x12, [x19, w10, uxtw #3]
00000001000006b0	strb	w12, [x20, x11]
00000001000006b4	b	next
h_load:
00000001000006b8	ldrb	w9, [x21]
00000001000006bc	ldrb	w10, [x21, #0x1]
00000001000006c0	add	x21, x21, #0x2
00000001000006c4	ldr	x12, [x19, w10, uxtw #3]
00000001000006c8	ldr	x11, [x20, x12]
00000001000006cc	str	x11, [x19, w9, uxtw #3]
00000001000006d0	b	next
h_store:
00000001000006d4	ldrb	w9, [x21]
00000001000006d8	ldrb	w10, [x21, #0x1]
00000001000006dc	add	x21, x21, #0x2
00000001000006e0	ldr	x11, [x19, w9, uxtw #3]
00000001000006e4	ldr	x12, [x19, w10, uxtw #3]
00000001000006e8	str	x12, [x20, x11]
00000001000006ec	b	next
h_jmp:
00000001000006f0	ldr	x10, [x21]
00000001000006f4	add	x21, x20, x10
00000001000006f8	b	next
h_jz:
00000001000006fc	ldrb	w9, [x21], #0x1
0000000100000700	ldr	x10, [x21]
0000000100000704	ldr	x11, [x19, w9, uxtw #3]
0000000100000708	cbnz	x11, 0x100000714
000000010000070c	add	x21, x20, x10
0000000100000710	b	next
0000000100000714	add	x21, x21, #0x8
0000000100000718	b	next
h_jnz:
000000010000071c	ldrb	w9, [x21], #0x1
0000000100000720	ldr	x10, [x21]
0000000100000724	ldr	x11, [x19, w9, uxtw #3]
0000000100000728	cbz	x11, 0x100000734
000000010000072c	add	x21, x20, x10
0000000100000730	b	next
0000000100000734	add	x21, x21, #0x8
0000000100000738	b	next
h_jlt:
000000010000073c	ldrb	w9, [x21], #0x1
0000000100000740	ldrb	w10, [x21], #0x1
0000000100000744	ldr	x12, [x21]
0000000100000748	ldr	x13, [x19, w9, uxtw #3]
000000010000074c	ldr	x14, [x19, w10, uxtw #3]
0000000100000750	cmp	x13, x14
0000000100000754	b.lt	0x100000760
0000000100000758	add	x21, x21, #0x8
000000010000075c	b	next
0000000100000760	add	x21, x20, x12
0000000100000764	b	next
h_jeq:
0000000100000768	ldrb	w9, [x21], #0x1
000000010000076c	ldrb	w10, [x21], #0x1
0000000100000770	ldr	x12, [x21]
0000000100000774	ldr	x13, [x19, w9, uxtw #3]
0000000100000778	ldr	x14, [x19, w10, uxtw #3]
000000010000077c	cmp	x13, x14
0000000100000780	b.eq	0x10000078c
0000000100000784	add	x21, x21, #0x8
0000000100000788	b	next
000000010000078c	add	x21, x20, x12
0000000100000790	b	next
h_read:
0000000100000794	ldrb	w24, [x21], #0x1
0000000100000798	mov	x0, #0x0
000000010000079c	adrp	x1, 16472 ; 0x104058000
00000001000007a0	add	x1, x1, #0x810
00000001000007a4	mov	x2, #0x1
00000001000007a8	bl	0x100000844 ; symbol stub for: _read
00000001000007ac	cmp	x0, #0x1
00000001000007b0	b.lt	0x1000007c8
00000001000007b4	adrp	x1, 16472 ; 0x104058000
00000001000007b8	add	x1, x1, #0x810
00000001000007bc	ldrb	w9, [x1]
00000001000007c0	str	x9, [x19, w24, uxtw #3]
00000001000007c4	b	next
00000001000007c8	mov	x9, #-0x1
00000001000007cc	str	x9, [x19, w24, uxtw #3]
00000001000007d0	b	next
h_write:
00000001000007d4	ldrb	w9, [x21], #0x1
00000001000007d8	ldr	x10, [x19, w9, uxtw #3]
00000001000007dc	adrp	x1, 16472 ; 0x104058000
00000001000007e0	add	x1, x1, #0x810
00000001000007e4	strb	w10, [x1]
00000001000007e8	mov	x0, #0x1
00000001000007ec	mov	x2, #0x1
00000001000007f0	bl	0x100000850 ; symbol stub for: _write
00000001000007f4	b	next
h_call:
00000001000007f8	ldr	x10, [x21]
00000001000007fc	add	x11, x21, #0x8
0000000100000800	sub	x11, x11, x20
0000000100000804	sub	x22, x22, #0x8
0000000100000808	str	x11, [x20, x22]
000000010000080c	add	x21, x20, x10
0000000100000810	b	next
h_ret:
0000000100000814	ldr	x11, [x20, x22]
0000000100000818	add	x22, x22, #0x8
000000010000081c	add	x21, x20, x11
0000000100000820	b	next
h_halt:
0000000100000824	ldrb	w9, [x21], #0x1
0000000100000828	ldr	x10, [x19, w9, uxtw #3]
000000010000082c	mov	w0, w10
0000000100000830	ldp	x23, x24, [sp], #0x10
0000000100000834	ldp	x21, x22, [sp], #0x10
0000000100000838	ldp	x19, x20, [sp], #0x10
000000010000083c	ldp	x29, x30, [sp], #0x10
0000000100000840	ret
